// Jest Snapshot v1, https://goo.gl/fbAQLP

exports[`Block serializes and deserializes a block 1`] = `
Object {
  "header": Object {
    "count": 0,
    "graffiti": "66616B6520626C6F636B00000000000000000000000000000000000000000000",
    "graphId": 0,
    "hash": "0500000000000000000000000000000000000000000000000000000000000000",
    "isValid": false,
    "minersFee": "-14",
    "noteCommitment": Object {
      "commitment": "1-9",
      "size": 9,
    },
    "nullifierCommitment": Object {
      "commitment": "0000000000000000000000000000000000000000000000000000000000000000",
      "size": 1,
    },
    "previousBlockHash": "0400000000000000000000000000000000000000000000000000000000000000",
    "randomness": 0,
    "sequence": "5",
    "target": "115792089237316195423570985008687907853269984665640564039457584007913129639935",
    "timestamp": Any<Number>,
    "work": "0",
  },
  "transactions": Array [
    Object {
      "elements": Array [
        "5",
      ],
      "isValid": true,
      "spends": Array [],
      "totalFees": "1",
    },
    Object {
      "elements": Array [
        "6",
      ],
      "isValid": true,
      "spends": Array [],
      "totalFees": "1",
    },
    Object {
      "elements": Array [
        "7",
      ],
      "isValid": true,
      "spends": Array [],
      "totalFees": "1",
    },
    Object {
      "elements": Array [
        "8",
      ],
      "isValid": true,
      "spends": Array [],
      "totalFees": "1",
    },
    Object {
      "elements": Array [
        "9",
      ],
      "isValid": true,
      "spends": Array [],
      "totalFees": "-14",
    },
  ],
}
`;
